Resolving dependencies...
Downloading packages...
  _fe_analyzer_shared 67.0.0 (94.0.0 available)
  analyzer 6.4.1 (10.0.2 available)
  build 2.4.1 (4.0.4 available)
  build_config 1.1.2 (1.2.0 available)
  build_resolvers 2.4.2 (3.0.4 available)
  build_runner 2.4.13 (2.10.5 available)
  build_runner_core 7.3.2 (9.3.2 available)
  built_value 8.12.1 (8.12.3 available)
  characters 1.4.0 (1.4.1 available)
  code_builder 4.11.0 (4.11.1 available)
  connectivity_plus 6.1.5 (7.0.0 available)
  cross_file 0.3.5+1 (0.3.5+2 available)
  dart_style 2.3.6 (3.1.5 available)
  ffi 2.1.4 (2.1.5 available)
  file_picker 8.3.7 (10.3.10 available)
  flutter_launcher_icons 0.13.1 (0.14.4 available)
  flutter_lints 5.0.0 (6.0.0 available)
  flutter_markdown 0.7.7+1 (discontinued replaced by flutter_markdown_plus)
  flutter_riverpod 3.0.3 (3.2.0 available)
  go_router 17.0.0 (17.0.1 available)
  google_fonts 6.3.3 (8.0.0 available)
  google_mobile_ads 5.3.1 (7.0.0 available)
  image 4.5.4 (4.7.2 available)
  image_picker_android 0.8.13+10 (0.8.13+13 available)
  image_picker_ios 0.8.13+3 (0.8.13+6 available)
  json_annotation 4.9.0 (4.10.0 available)
  lints 5.1.1 (6.1.0 available)
  matcher 0.12.17 (0.12.18 available)
  material_color_utilities 0.11.1 (0.13.0 available)
  meta 1.17.0 (1.18.1 available)
  mockito 5.4.4 (5.6.3 available)
  path_provider_foundation 2.5.1 (2.6.0 available)
  riverpod 3.0.3 (3.2.0 available)
  shared_preferences 2.5.3 (2.5.4 available)
  shared_preferences_android 2.4.18 (2.4.20 available)
  shelf_web_socket 2.0.1 (3.0.0 available)
  source_gen 1.5.0 (4.2.0 available)
  source_helper 1.3.5 (1.3.10 available)
  test 1.26.3 (1.29.0 available)
  test_api 0.7.7 (0.7.9 available)
  test_core 0.6.12 (0.6.15 available)
  url_launcher_web 2.4.1 (2.4.2 available)
  watcher 1.1.4 (1.2.1 available)
  webview_flutter 4.13.0 (4.13.1 available)
Got dependencies!
1 package is discontinued.
43 packages have newer versions incompatible with dependency constraints.
Try `flutter pub outdated` for more information.
00:00 +0: loading /app/test/features/chat/presentation/widgets/chat_input_test.dart                                                                                                                    00:01 +0: loading /app/test/features/chat/presentation/widgets/chat_input_test.dart                                                                                                                    00:02 +0: loading /app/test/features/chat/presentation/widgets/chat_input_test.dart                                                                                                                    00:03 +0: loading /app/test/features/chat/presentation/widgets/chat_input_test.dart                                                                                                                    00:03 +0: ChatInput has maxLength set to AppConstants.maxInputLength                                                                                                                                   00:04 +0: ChatInput has maxLength set to AppConstants.maxInputLength                                                                                                                                   00:04 +0: ChatInput has maxLength set to AppConstants.maxInputLength
══╡ EXCEPTION CAUGHT BY WIDGETS LIBRARY ╞═══════════════════════════════════════════════════════════
The following LateError was thrown building KeyedSubtree-[GlobalKey#61f3e]:
LateInitializationError: Field '_settingsBox@25089923' has not been initialized.

The relevant error-causing widget was:
  Scaffold Scaffold:file:///app/test/features/chat/presentation/widgets/chat_input_test.dart:47:17

When the exception was thrown, this was the stack:
#0      StorageService._settingsBox (package:pocketllm_lite/services/storage_service.dart)
#1      StorageService._getDraftsMap (package:pocketllm_lite/services/storage_service.dart:420:20)
#2      StorageService.getDraft (package:pocketllm_lite/services/storage_service.dart:443:20)
#3      _ChatInputState._loadDraft (package:pocketllm_lite/features/chat/presentation/widgets/chat_input.dart:60:27)
#4      _ChatInputState.initState (package:pocketllm_lite/features/chat/presentation/widgets/chat_input.dart:35:5)
#5      StatefulElement._firstBuild (package:flutter/src/widgets/framework.dart:5953:55)
#6      ComponentElement.mount (package:flutter/src/widgets/framework.dart:5796:5)
...     Normal element mounting (25 frames)
#31     Element.inflateWidget (package:flutter/src/widgets/framework.dart:4590:20)
#32     MultiChildRenderObjectElement.inflateWidget (package:flutter/src/widgets/framework.dart:7269:36)
#33     MultiChildRenderObjectElement.mount (package:flutter/src/widgets/framework.dart:7285:32)
...     Normal element mounting (364 frames)
#397    Element.inflateWidget (package:flutter/src/widgets/framework.dart:4590:20)
#398    MultiChildRenderObjectElement.inflateWidget (package:flutter/src/widgets/framework.dart:7269:36)
#399    MultiChildRenderObjectElement.mount (package:flutter/src/widgets/framework.dart:7285:32)
...     Normal element mounting (487 frames)
#886    Element.inflateWidget (package:flutter/src/widgets/framework.dart:4590:20)
#887    Element.updateChild (package:flutter/src/widgets/framework.dart:4053:20)
#888    ComponentElement.performRebuild (package:flutter/src/widgets/framework.dart:5844:16)
#889    Element.rebuild (package:flutter/src/widgets/framework.dart:5532:7)
#890    ProxyElement.update (package:flutter/src/widgets/framework.dart:6152:5)
#891    _InheritedNotifierElement.update (package:flutter/src/widgets/inherited_notifier.dart:108:11)
#892    Element.updateChild (package:flutter/src/widgets/framework.dart:4037:15)
#893    ComponentElement.performRebuild (package:flutter/src/widgets/framework.dart:5844:16)
#894    StatefulElement.performRebuild (package:flutter/src/widgets/framework.dart:5985:11)
#895    Element.rebuild (package:flutter/src/widgets/framework.dart:5532:7)
#896    StatefulElement.update (package:flutter/src/widgets/framework.dart:6010:5)
#897    Element.updateChild (package:flutter/src/widgets/framework.dart:4037:15)
#898    ComponentElement.performRebuild (package:flutter/src/widgets/framework.dart:5844:16)
#899    Element.rebuild (package:flutter/src/widgets/framework.dart:5532:7)
#900    ProxyElement.update (package:flutter/src/widgets/framework.dart:6152:5)
#901    _InheritedNotifierElement.update (package:flutter/src/widgets/inherited_notifier.dart:108:11)
#902    Element.updateChild (package:flutter/src/widgets/framework.dart:4037:15)
#903    ComponentElement.performRebuild (package:flutter/src/widgets/framework.dart:5844:16)
#904    StatefulElement.performRebuild (package:flutter/src/widgets/framework.dart:5985:11)
#905    Element.rebuild (package:flutter/src/widgets/framework.dart:5532:7)
#906    StatefulElement.update (package:flutter/src/widgets/framework.dart:6010:5)
#907    Element.updateChild (package:flutter/src/widgets/framework.dart:4037:15)
#908    ComponentElement.performRebuild (package:flutter/src/widgets/framework.dart:5844:16)
#909    StatefulElement.performRebuild (package:flutter/src/widgets/framework.dart:5985:11)
#910    Element.rebuild (package:flutter/src/widgets/framework.dart:5532:7)
#911    StatefulElement.update (package:flutter/src/widgets/framework.dart:6010:5)
#912    Element.updateChild (package:flutter/src/widgets/framework.dart:4037:15)
#913    ComponentElement.performRebuild (package:flutter/src/widgets/framework.dart:5844:16)
#914    Element.rebuild (package:flutter/src/widgets/framework.dart:5532:7)
#915    ProxyElement.update (package:flutter/src/widgets/framework.dart:6152:5)
#916    Element.updateChild (package:flutter/src/widgets/framework.dart:4037:15)
#917    ComponentElement.performRebuild (package:flutter/src/widgets/framework.dart:5844:16)
#918    StatefulElement.performRebuild (package:flutter/src/widgets/framework.dart:5985:11)
#919    Element.rebuild (package:flutter/src/widgets/framework.dart:5532:7)
#920    StatefulElement.update (package:flutter/src/widgets/framework.dart:6010:5)
#921    Element.updateChild (package:flutter/src/widgets/framework.dart:4037:15)
#922    ComponentElement.performRebuild (package:flutter/src/widgets/framework.dart:5844:16)
#923    Element.rebuild (package:flutter/src/widgets/framework.dart:5532:7)
#924    ProxyElement.update (package:flutter/src/widgets/framework.dart:6152:5)
#925    Element.updateChild (package:flutter/src/widgets/framework.dart:4037:15)
#926    ComponentElement.performRebuild (package:flutter/src/widgets/framework.dart:5844:16)
#927    Element.rebuild (package:flutter/src/widgets/framework.dart:5532:7)
#928    ProxyElement.update (package:flutter/src/widgets/framework.dart:6152:5)
#929    Element.updateChild (package:flutter/src/widgets/framework.dart:4037:15)
#930    _RawViewElement._updateChild (package:flutter/src/widgets/view.dart:481:16)
#931    _RawViewElement.update (package:flutter/src/widgets/view.dart:568:5)
#932    Element.updateChild (package:flutter/src/widgets/framework.dart:4037:15)
#933    ComponentElement.performRebuild (package:flutter/src/widgets/framework.dart:5844:16)
#934    Element.rebuild (package:flutter/src/widgets/framework.dart:5532:7)
#935    StatelessElement.update (package:flutter/src/widgets/framework.dart:5898:5)
#936    Element.updateChild (package:flutter/src/widgets/framework.dart:4037:15)
#937    ComponentElement.performRebuild (package:flutter/src/widgets/framework.dart:5844:16)
#938    StatefulElement.performRebuild (package:flutter/src/widgets/framework.dart:5985:11)
#939    Element.rebuild (package:flutter/src/widgets/framework.dart:5532:7)
#940    StatefulElement.update (package:flutter/src/widgets/framework.dart:6010:5)
#941    Element.updateChild (package:flutter/src/widgets/framework.dart:4037:15)
#942    RootElement._rebuild (package:flutter/src/widgets/binding.dart:1782:16)
#943    RootElement.update (package:flutter/src/widgets/binding.dart:1760:5)
#944    RootElement.performRebuild (package:flutter/src/widgets/binding.dart:1774:7)
#945    Element.rebuild (package:flutter/src/widgets/framework.dart:5532:7)
#946    BuildScope._tryRebuild (package:flutter/src/widgets/framework.dart:2750:15)
#947    BuildScope._flushDirtyElements (package:flutter/src/widgets/framework.dart:2807:11)
#948    BuildOwner.buildScope (package:flutter/src/widgets/framework.dart:3111:18)
#949    AutomatedTestWidgetsFlutterBinding.drawFrame (package:flutter_test/src/binding.dart:1506:19)
#950    RendererBinding._handlePersistentFrameCallback (package:flutter/src/rendering/binding.dart:495:5)
#951    SchedulerBinding._invokeFrameCallback (package:flutter/src/scheduler/binding.dart:1434:15)
#952    SchedulerBinding.handleDrawFrame (package:flutter/src/scheduler/binding.dart:1347:9)
#953    AutomatedTestWidgetsFlutterBinding.pump.<anonymous closure> (package:flutter_test/src/binding.dart:1335:9)
#956    TestAsyncUtils.guard (package:flutter_test/src/test_async_utils.dart:74:41)
#957    AutomatedTestWidgetsFlutterBinding.pump (package:flutter_test/src/binding.dart:1324:27)
#958    WidgetTester.pumpWidget.<anonymous closure> (package:flutter_test/src/widget_tester.dart:598:22)
#961    TestAsyncUtils.guard (package:flutter_test/src/test_async_utils.dart:74:41)
#962    WidgetTester.pumpWidget (package:flutter_test/src/widget_tester.dart:595:27)
#963    main.<anonymous closure> (file:///app/test/features/chat/presentation/widgets/chat_input_test.dart:38:18)
#964    testWidgets.<anonymous closure>.<anonymous closure> (package:flutter_test/src/widget_tester.dart:192:29)
<asynchronous suspension>
#965    TestWidgetsFlutterBinding._runTestBody (package:flutter_test/src/binding.dart:1059:5)
<asynchronous suspension>
<asynchronous suspension>
(elided 5 frames from dart:async and package:stack_trace)

════════════════════════════════════════════════════════════════════════════════════════════════════
══╡ EXCEPTION CAUGHT BY FLUTTER TEST FRAMEWORK ╞════════════════════════════════════════════════════
The following TestFailure was thrown running a test:
Expected: exactly one matching candidate
  Actual: _TypeWidgetFinder:<Found 0 widgets with type "TextField": []>
   Which: means none were found but one was expected

When the exception was thrown, this was the stack:
#4      main.<anonymous closure> (file:///app/test/features/chat/presentation/widgets/chat_input_test.dart:56:5)
<asynchronous suspension>
#5      testWidgets.<anonymous closure>.<anonymous closure> (package:flutter_test/src/widget_tester.dart:192:15)
<asynchronous suspension>
#6      TestWidgetsFlutterBinding._runTestBody (package:flutter_test/src/binding.dart:1059:5)
<asynchronous suspension>
<asynchronous suspension>
(elided one frame from package:stack_trace)

This was caught by the test expectation on the following line:
  file:///app/test/features/chat/presentation/widgets/chat_input_test.dart line 56
The test description was:
  ChatInput has maxLength set to AppConstants.maxInputLength
════════════════════════════════════════════════════════════════════════════════════════════════════
══╡ EXCEPTION CAUGHT BY FLUTTER TEST FRAMEWORK ╞════════════════════════════════════════════════════
The following message was thrown:
Multiple exceptions (2) were detected during the running of the current test, and at least one was
unexpected.
════════════════════════════════════════════════════════════════════════════════════════════════════
00:04 +0 -1: ChatInput has maxLength set to AppConstants.maxInputLength [E]
  Test failed. See exception logs above.
  The test description was: ChatInput has maxLength set to AppConstants.maxInputLength


To run this test again: /opt/flutter/bin/cache/dart-sdk/bin/dart test /app/test/features/chat/presentation/widgets/chat_input_test.dart -p vm --plain-name 'ChatInput has maxLength set to AppConstants.maxInputLength'
00:04 +0 -1: ChatInput displays correct tooltip with shortcut                                                                                                                                          00:04 +0 -1: ChatInput displays correct tooltip with shortcut
══╡ EXCEPTION CAUGHT BY WIDGETS LIBRARY ╞═══════════════════════════════════════════════════════════
The following LateError was thrown building KeyedSubtree-[GlobalKey#2762d]:
LateInitializationError: Field '_settingsBox@25089923' has not been initialized.

The relevant error-causing widget was:
  Scaffold Scaffold:file:///app/test/features/chat/presentation/widgets/chat_input_test.dart:91:17

When the exception was thrown, this was the stack:
#0      StorageService._settingsBox (package:pocketllm_lite/services/storage_service.dart)
#1      StorageService._getDraftsMap (package:pocketllm_lite/services/storage_service.dart:420:20)
#2      StorageService.getDraft (package:pocketllm_lite/services/storage_service.dart:443:20)
#3      _ChatInputState._loadDraft (package:pocketllm_lite/features/chat/presentation/widgets/chat_input.dart:60:27)
#4      _ChatInputState.initState (package:pocketllm_lite/features/chat/presentation/widgets/chat_input.dart:35:5)
#5      StatefulElement._firstBuild (package:flutter/src/widgets/framework.dart:5953:55)
#6      ComponentElement.mount (package:flutter/src/widgets/framework.dart:5796:5)
...     Normal element mounting (25 frames)
#31     Element.inflateWidget (package:flutter/src/widgets/framework.dart:4590:20)
#32     MultiChildRenderObjectElement.inflateWidget (package:flutter/src/widgets/framework.dart:7269:36)
#33     MultiChildRenderObjectElement.mount (package:flutter/src/widgets/framework.dart:7285:32)
...     Normal element mounting (364 frames)
#397    Element.inflateWidget (package:flutter/src/widgets/framework.dart:4590:20)
#398    MultiChildRenderObjectElement.inflateWidget (package:flutter/src/widgets/framework.dart:7269:36)
#399    MultiChildRenderObjectElement.mount (package:flutter/src/widgets/framework.dart:7285:32)
...     Normal element mounting (487 frames)
#886    Element.inflateWidget (package:flutter/src/widgets/framework.dart:4590:20)
#887    Element.updateChild (package:flutter/src/widgets/framework.dart:4053:20)
#888    ComponentElement.performRebuild (package:flutter/src/widgets/framework.dart:5844:16)
#889    Element.rebuild (package:flutter/src/widgets/framework.dart:5532:7)
#890    ProxyElement.update (package:flutter/src/widgets/framework.dart:6152:5)
#891    _InheritedNotifierElement.update (package:flutter/src/widgets/inherited_notifier.dart:108:11)
#892    Element.updateChild (package:flutter/src/widgets/framework.dart:4037:15)
#893    ComponentElement.performRebuild (package:flutter/src/widgets/framework.dart:5844:16)
#894    StatefulElement.performRebuild (package:flutter/src/widgets/framework.dart:5985:11)
#895    Element.rebuild (package:flutter/src/widgets/framework.dart:5532:7)
#896    StatefulElement.update (package:flutter/src/widgets/framework.dart:6010:5)
#897    Element.updateChild (package:flutter/src/widgets/framework.dart:4037:15)
#898    ComponentElement.performRebuild (package:flutter/src/widgets/framework.dart:5844:16)
#899    Element.rebuild (package:flutter/src/widgets/framework.dart:5532:7)
#900    ProxyElement.update (package:flutter/src/widgets/framework.dart:6152:5)
#901    _InheritedNotifierElement.update (package:flutter/src/widgets/inherited_notifier.dart:108:11)
#902    Element.updateChild (package:flutter/src/widgets/framework.dart:4037:15)
#903    ComponentElement.performRebuild (package:flutter/src/widgets/framework.dart:5844:16)
#904    StatefulElement.performRebuild (package:flutter/src/widgets/framework.dart:5985:11)
#905    Element.rebuild (package:flutter/src/widgets/framework.dart:5532:7)
#906    StatefulElement.update (package:flutter/src/widgets/framework.dart:6010:5)
#907    Element.updateChild (package:flutter/src/widgets/framework.dart:4037:15)
#908    ComponentElement.performRebuild (package:flutter/src/widgets/framework.dart:5844:16)
#909    StatefulElement.performRebuild (package:flutter/src/widgets/framework.dart:5985:11)
#910    Element.rebuild (package:flutter/src/widgets/framework.dart:5532:7)
#911    StatefulElement.update (package:flutter/src/widgets/framework.dart:6010:5)
#912    Element.updateChild (package:flutter/src/widgets/framework.dart:4037:15)
#913    ComponentElement.performRebuild (package:flutter/src/widgets/framework.dart:5844:16)
#914    Element.rebuild (package:flutter/src/widgets/framework.dart:5532:7)
#915    ProxyElement.update (package:flutter/src/widgets/framework.dart:6152:5)
#916    Element.updateChild (package:flutter/src/widgets/framework.dart:4037:15)
#917    ComponentElement.performRebuild (package:flutter/src/widgets/framework.dart:5844:16)
#918    StatefulElement.performRebuild (package:flutter/src/widgets/framework.dart:5985:11)
#919    Element.rebuild (package:flutter/src/widgets/framework.dart:5532:7)
#920    StatefulElement.update (package:flutter/src/widgets/framework.dart:6010:5)
#921    Element.updateChild (package:flutter/src/widgets/framework.dart:4037:15)
#922    ComponentElement.performRebuild (package:flutter/src/widgets/framework.dart:5844:16)
#923    Element.rebuild (package:flutter/src/widgets/framework.dart:5532:7)
#924    ProxyElement.update (package:flutter/src/widgets/framework.dart:6152:5)
#925    Element.updateChild (package:flutter/src/widgets/framework.dart:4037:15)
#926    ComponentElement.performRebuild (package:flutter/src/widgets/framework.dart:5844:16)
#927    Element.rebuild (package:flutter/src/widgets/framework.dart:5532:7)
#928    ProxyElement.update (package:flutter/src/widgets/framework.dart:6152:5)
#929    Element.updateChild (package:flutter/src/widgets/framework.dart:4037:15)
#930    _RawViewElement._updateChild (package:flutter/src/widgets/view.dart:481:16)
#931    _RawViewElement.update (package:flutter/src/widgets/view.dart:568:5)
#932    Element.updateChild (package:flutter/src/widgets/framework.dart:4037:15)
#933    ComponentElement.performRebuild (package:flutter/src/widgets/framework.dart:5844:16)
#934    Element.rebuild (package:flutter/src/widgets/framework.dart:5532:7)
#935    StatelessElement.update (package:flutter/src/widgets/framework.dart:5898:5)
#936    Element.updateChild (package:flutter/src/widgets/framework.dart:4037:15)
#937    ComponentElement.performRebuild (package:flutter/src/widgets/framework.dart:5844:16)
#938    StatefulElement.performRebuild (package:flutter/src/widgets/framework.dart:5985:11)
#939    Element.rebuild (package:flutter/src/widgets/framework.dart:5532:7)
#940    StatefulElement.update (package:flutter/src/widgets/framework.dart:6010:5)
#941    Element.updateChild (package:flutter/src/widgets/framework.dart:4037:15)
#942    RootElement._rebuild (package:flutter/src/widgets/binding.dart:1782:16)
#943    RootElement.update (package:flutter/src/widgets/binding.dart:1760:5)
#944    RootElement.performRebuild (package:flutter/src/widgets/binding.dart:1774:7)
#945    Element.rebuild (package:flutter/src/widgets/framework.dart:5532:7)
#946    BuildScope._tryRebuild (package:flutter/src/widgets/framework.dart:2750:15)
#947    BuildScope._flushDirtyElements (package:flutter/src/widgets/framework.dart:2807:11)
#948    BuildOwner.buildScope (package:flutter/src/widgets/framework.dart:3111:18)
#949    AutomatedTestWidgetsFlutterBinding.drawFrame (package:flutter_test/src/binding.dart:1506:19)
#950    RendererBinding._handlePersistentFrameCallback (package:flutter/src/rendering/binding.dart:495:5)
#951    SchedulerBinding._invokeFrameCallback (package:flutter/src/scheduler/binding.dart:1434:15)
#952    SchedulerBinding.handleDrawFrame (package:flutter/src/scheduler/binding.dart:1347:9)
#953    AutomatedTestWidgetsFlutterBinding.pump.<anonymous closure> (package:flutter_test/src/binding.dart:1335:9)
#956    TestAsyncUtils.guard (package:flutter_test/src/test_async_utils.dart:74:41)
#957    AutomatedTestWidgetsFlutterBinding.pump (package:flutter_test/src/binding.dart:1324:27)
#958    WidgetTester.pumpWidget.<anonymous closure> (package:flutter_test/src/widget_tester.dart:598:22)
#961    TestAsyncUtils.guard (package:flutter_test/src/test_async_utils.dart:74:41)
#962    WidgetTester.pumpWidget (package:flutter_test/src/widget_tester.dart:595:27)
#963    main.<anonymous closure> (file:///app/test/features/chat/presentation/widgets/chat_input_test.dart:82:18)
#964    testWidgets.<anonymous closure>.<anonymous closure> (package:flutter_test/src/widget_tester.dart:192:29)
<asynchronous suspension>
#965    TestWidgetsFlutterBinding._runTestBody (package:flutter_test/src/binding.dart:1059:5)
<asynchronous suspension>
<asynchronous suspension>
(elided 5 frames from dart:async and package:stack_trace)

════════════════════════════════════════════════════════════════════════════════════════════════════
══╡ EXCEPTION CAUGHT BY FLUTTER TEST FRAMEWORK ╞════════════════════════════════════════════════════
The following TestFailure was thrown running a test:
Expected: exactly one matching candidate
  Actual: _KeyWidgetFinder:<Found 0 widgets with key [<'send_icon'>]: []>
   Which: means none were found but one was expected

When the exception was thrown, this was the stack:
#4      main.<anonymous closure> (file:///app/test/features/chat/presentation/widgets/chat_input_test.dart:100:5)
<asynchronous suspension>
#5      testWidgets.<anonymous closure>.<anonymous closure> (package:flutter_test/src/widget_tester.dart:192:15)
<asynchronous suspension>
#6      TestWidgetsFlutterBinding._runTestBody (package:flutter_test/src/binding.dart:1059:5)
<asynchronous suspension>
<asynchronous suspension>
(elided one frame from package:stack_trace)

This was caught by the test expectation on the following line:
  file:///app/test/features/chat/presentation/widgets/chat_input_test.dart line 100
The test description was:
  ChatInput displays correct tooltip with shortcut
════════════════════════════════════════════════════════════════════════════════════════════════════
══╡ EXCEPTION CAUGHT BY FLUTTER TEST FRAMEWORK ╞════════════════════════════════════════════════════
The following message was thrown:
Multiple exceptions (2) were detected during the running of the current test, and at least one was
unexpected.
════════════════════════════════════════════════════════════════════════════════════════════════════
00:04 +0 -2: ChatInput displays correct tooltip with shortcut [E]
  Test failed. See exception logs above.
  The test description was: ChatInput displays correct tooltip with shortcut


To run this test again: /opt/flutter/bin/cache/dart-sdk/bin/dart test /app/test/features/chat/presentation/widgets/chat_input_test.dart -p vm --plain-name 'ChatInput displays correct tooltip with shortcut'
00:04 +0 -2: Some tests failed.
